<html>
<body>
<pre>
<h1>礦ision Build Log</h1>
<h2>Tool Versions:</h2>
IDE-Version: μVision V5.24.2.0
Copyright (C) 2017 ARM Ltd and ARM Germany GmbH. All rights reserved.
License Information: Evasi0n Xiao, ZUFE, LIC=IK1BS-LJ382-GKFBG-V4APF-XPR1J-0IZ6C
 
Tool Versions:
Toolchain:       MDK-ARM Plus  Version: 5.24.1
Toolchain Path:  F:\Keil_uVision\ARM\ARMCC\Bin
C Compiler:      Armcc.exe V5.06 update 5 (build 528)
Assembler:       Armasm.exe V5.06 update 5 (build 528)
Linker/Locator:  ArmLink.exe V5.06 update 5 (build 528)
Library Manager: ArmAr.exe V5.06 update 5 (build 528)
Hex Converter:   FromElf.exe V5.06 update 5 (build 528)
CPU DLL:         SARMCM3.DLL V5.24.1
Dialog DLL:      DARMSTM.DLL V1.68.0.0
Target DLL:      Segger\JL2CM3.dll V2.99.26.0
Dialog DLL:      TARMSTM.DLL V1.66.0.0
 
<h2>Project:</h2>
C:\Users\Evasi0n Xiao\Desktop\实验12 OLED显示实验\USER\OLED.uvproj
Project File Date:  04/25/2018

<h2>Output:</h2>
*** Using Compiler 'V5.06 update 5 (build 528)', folder: 'F:\Keil_uVision\ARM\ARMCC\Bin'
Rebuild target 'Target 1'
compiling stm32f10x_it.c...
compiling main.c...
..\HARDWARE\EXTI\exti.h(23): warning:  #1295-D: Deprecated declaration getMs - give arg types
  u16 getMs();
..\HARDWARE\EXTI\exti.h(24): warning:  #1295-D: Deprecated declaration getS - give arg types
  u16 getS();
..\HARDWARE\EXTI\exti.h(25): warning:  #1295-D: Deprecated declaration getMin - give arg types
  u16 getMin();
..\HARDWARE\EXTI\exti.h(26): warning:  #1295-D: Deprecated declaration getMode - give arg types
  u16 getMode();
..\HARDWARE\EXTI\exti.h(27): warning:  #1295-D: Deprecated declaration getStart - give arg types
  u16 getStart();
..\HARDWARE\EXTI\exti.h(28): warning:  #1295-D: Deprecated declaration getLine - give arg types
  u16 getLine();
main.c(43): warning:  #223-D: function "TIM3_Int_Init" declared implicitly
  	 TIM3_Int_Init(99,7199);
main.c(13): warning:  #550-D: variable "t"  was set but never used
   {	u8 t;
main.c: 8 warnings, 0 errors
compiling system_stm32f10x.c...
compiling led.c...
compiling key.c...
compiling oled.c...
..\HARDWARE\EXTI\exti.h(23): warning:  #1295-D: Deprecated declaration getMs - give arg types
  u16 getMs();
..\HARDWARE\EXTI\exti.h(24): warning:  #1295-D: Deprecated declaration getS - give arg types
  u16 getS();
..\HARDWARE\EXTI\exti.h(25): warning:  #1295-D: Deprecated declaration getMin - give arg types
  u16 getMin();
..\HARDWARE\EXTI\exti.h(26): warning:  #1295-D: Deprecated declaration getMode - give arg types
  u16 getMode();
..\HARDWARE\EXTI\exti.h(27): warning:  #1295-D: Deprecated declaration getStart - give arg types
  u16 getStart();
..\HARDWARE\EXTI\exti.h(28): warning:  #1295-D: Deprecated declaration getLine - give arg types
  u16 getLine();
..\HARDWARE\OLED\oled.c: 6 warnings, 0 errors
compiling timer.c...
..\HARDWARE\EXTI\exti.h(23): warning:  #1295-D: Deprecated declaration getMs - give arg types
  u16 getMs();
..\HARDWARE\EXTI\exti.h(24): warning:  #1295-D: Deprecated declaration getS - give arg types
  u16 getS();
..\HARDWARE\EXTI\exti.h(25): warning:  #1295-D: Deprecated declaration getMin - give arg types
  u16 getMin();
..\HARDWARE\EXTI\exti.h(26): warning:  #1295-D: Deprecated declaration getMode - give arg types
  u16 getMode();
..\HARDWARE\EXTI\exti.h(27): warning:  #1295-D: Deprecated declaration getStart - give arg types
  u16 getStart();
..\HARDWARE\EXTI\exti.h(28): warning:  #1295-D: Deprecated declaration getLine - give arg types
  u16 getLine();
..\HARDWARE\TIMER\timer.c(65): warning:  #223-D: function "OLED_ShowString" declared implicitly
  			OLED_ShowString(0,getLine(),"00");
..\HARDWARE\TIMER\timer.c(66): warning:  #223-D: function "OLED_ShowChar1" declared implicitly
  			OLED_ShowChar1(16 ,getLine(),20 ,16,1);
..\HARDWARE\TIMER\timer.c(71): warning:  #223-D: function "OLED_ShowNum" declared implicitly
  			OLED_ShowNum(32,getLine(),getS()  ,2,16);
..\HARDWARE\TIMER\timer.c: 9 warnings, 0 errors
compiling exti.c...
..\HARDWARE\EXTI\exti.h(23): warning:  #1295-D: Deprecated declaration getMs - give arg types
  u16 getMs();
..\HARDWARE\EXTI\exti.h(24): warning:  #1295-D: Deprecated declaration getS - give arg types
  u16 getS();
..\HARDWARE\EXTI\exti.h(25): warning:  #1295-D: Deprecated declaration getMin - give arg types
  u16 getMin();
..\HARDWARE\EXTI\exti.h(26): warning:  #1295-D: Deprecated declaration getMode - give arg types
  u16 getMode();
..\HARDWARE\EXTI\exti.h(27): warning:  #1295-D: Deprecated declaration getStart - give arg types
  u16 getStart();
..\HARDWARE\EXTI\exti.h(28): warning:  #1295-D: Deprecated declaration getLine - give arg types
  u16 getLine();
..\HARDWARE\EXTI\exti.c(28): warning:  #223-D: function "OLED_ShowChar1" declared implicitly
  			OLED_ShowChar1(0 ,0,16,16,1);
..\HARDWARE\EXTI\exti.c(36): warning:  #223-D: function "OLED_ShowString" declared implicitly
  			OLED_ShowString(64,0,":");  
..\HARDWARE\EXTI\exti.c(51): warning:  #223-D: function "OLED_ShowChar1" declared implicitly
  			OLED_ShowChar1(0 ,0,16,16,1);
..\HARDWARE\EXTI\exti.c(59): warning:  #223-D: function "OLED_ShowString" declared implicitly
  			OLED_ShowString(64,0,":");  
..\HARDWARE\EXTI\exti.c: 10 warnings, 0 errors
compiling delay.c...
compiling sys.c...
compiling core_cm3.c...
compiling usart.c...
assembling startup_stm32f10x_hd.s...
compiling misc.c...
compiling stm32f10x_gpio.c...
compiling stm32f10x_rcc.c...
compiling stm32f10x_usart.c...
compiling stm32f10x_exti.c...
compiling stm32f10x_tim.c...
linking...
Program Size: Code=11776 RO-data=3796 RW-data=68 ZI-data=2860  
FromELF: creating hex file...
"..\OBJ\OLED.axf" - 0 Error(s), 33 Warning(s).
Build Time Elapsed:  00:00:04
</pre>
</body>
</html>
